
=== Fri May  2 10:14:07 2025

Packages were changed.
Update Mode: updateDependencies

The following packages were added:
  com.unity.ai.navigation@2.0.6
  com.unity.modules.accessibility@1.0.0
  com.unity.multiplayer.center@1.0.0
The following packages were updated:
  com.unity.analytics from version 3.6.12 to 3.8.1
  com.unity.collab-proxy from version 1.14.18 to 2.7.1
  com.unity.ide.rider from version 1.2.1 to 3.0.31
  com.unity.ide.visualstudio from version 2.0.15 to 2.0.22
  com.unity.test-framework from version 1.1.31 to 1.5.1
  com.unity.timeline from version 1.2.18 to 1.8.7
  com.unity.ugui from version 1.0.0 to 2.0.0
  com.unity.xr.legacyinputhelpers from version 2.1.9 to 2.1.12
The following packages were removed:
  com.unity.multiplayer-hlapi@1.0.8
  com.unity.textmeshpro@2.1.4

=== Wed May  7 10:24:07 2025

Packages were changed.
Update Mode: updateDependencies

The following packages were added:
  com.unity.ai.navigation@2.0.6
  com.unity.modules.accessibility@1.0.0
  com.unity.multiplayer.center@1.0.0
The following packages were updated:
  com.unity.analytics from version 3.6.12 to 3.8.1
  com.unity.collab-proxy from version 1.14.18 to 2.7.1
  com.unity.ide.rider from version 1.2.1 to 3.0.31
  com.unity.ide.visualstudio from version 2.0.15 to 2.0.22
  com.unity.test-framework from version 1.1.31 to 1.5.1
  com.unity.timeline from version 1.2.18 to 1.8.7
  com.unity.ugui from version 1.0.0 to 2.0.0
  com.unity.xr.legacyinputhelpers from version 2.1.9 to 2.1.12
The following packages were removed:
  com.unity.multiplayer-hlapi@1.0.8
  com.unity.textmeshpro@2.1.4
